#
# There is insufficient memory for the Java Runtime Environment to continue.
# Native memory allocation (malloc) failed to allocate 1223856 bytes. Error detail: Chunk::new
# Possible reasons:
#   The system is out of physical RAM or swap space
#   This process is running with CompressedOops enabled, and the Java Heap may be blocking the growth of the native heap
# Possible solutions:
#   Reduce memory load on the system
#   Increase physical memory or swap space
#   Check if swap backing store is full
#   Decrease Java heap size (-Xmx/-Xms)
#   Decrease number of Java threads
#   Decrease Java thread stack sizes (-Xss)
#   Set larger code cache with -XX:ReservedCodeCacheSize=
#   JVM is running with Zero Based Compressed Oops mode in which the Java heap is
#     placed in the first 32GB address space. The Java Heap base address is the
#     maximum limit for the native heap growth. Please use -XX:HeapBaseMinAddress
#     to set the Java Heap base and to place the Java Heap above 32GB virtual address.
# This output file may be truncated or incomplete.
#
#  Out of Memory Error (arena.cpp:168), pid=7384, tid=17744
#
# JRE version: OpenJDK Runtime Environment (21.0.3) (build 21.0.3+-12282718-b509.11)
# Java VM: OpenJDK 64-Bit Server VM (21.0.3+-12282718-b509.11, mixed mode, tiered, compressed oops, compressed class ptrs, g1 gc, windows-amd64)
# No core dump will be written. Minidumps are not enabled by default on client versions of Windows
#

---------------  S U M M A R Y ------------

Command Line: git4idea.http.GitAskPassApp Username for 'https://github.com': 

Host: AMD Ryzen 5 PRO 4650G with Radeon Graphics, 12 cores, 15G,  Windows 10 , 64 bit Build 19041 (10.0.19041.1806)
Time: Fri Aug 14 11:38:45 2026 Hora oficial do Brasil elapsed time: 0.638528 seconds (0d 0h 0m 0s)

---------------  T H R E A D  ---------------

Current thread (0x000002b4c33ac6e0):  JavaThread "C2 CompilerThread0" daemon [_thread_in_native, id=17744, stack(0x000000efb7a00000,0x000000efb7b00000) (1024K)]


Current CompileTask:
C2:    638 1073       4       sun.security.ec.ECOperations::setDouble (463 bytes)

Stack: [0x000000efb7a00000,0x000000efb7b00000]
Native frames: (J=compiled Java code, j=interpreted, Vv=VM code, C=native code)
V  [jvm.dll+0x6cafb9]
V  [jvm.dll+0x858523]
V  [jvm.dll+0x85aa7e]
V  [jvm.dll+0x85b163]
V  [jvm.dll+0x27d356]
V  [jvm.dll+0xbf93d]
V  [jvm.dll+0xbfe73]
V  [jvm.dll+0x3b1cb1]
V  [jvm.dll+0x37e787]
V  [jvm.dll+0x37dbfa]
V  [jvm.dll+0x246b02]
V  [jvm.dll+0x2460d1]
V  [jvm.dll+0x1c5804]
V  [jvm.dll+0x25575c]
V  [jvm.dll+0x253c36]
V  [jvm.dll+0x3ec996]
V  [jvm.dll+0x800d78]
V  [jvm.dll+0x6c98cd]
C  [ucrtbase.dll+0x21bb2]
C  [KERNEL32.DLL+0x17034]
C  [ntdll.dll+0x52651]


---------------  P R O C E S S  ---------------

Threads class SMR info:
_java_thread_list=0x000002b4c83e7820, length=15, elements={
0x000002b4a91cd410, 0x000002b4c338eab0, 0x000002b4c338f7d0, 0x000002b4c33a9a30,
0x000002b4c33aa490, 0x000002b4c33aaef0, 0x000002b4c33ab950, 0x000002b4c33ac6e0,
0x000002b4c33ad180, 0x000002b4c355afc0, 0x000002b4c3342310, 0x000002b4c82e9890,
0x000002b4c8367740, 0x000002b4c842bea0, 0x000002b4c83ef5a0
}

Java Threads: ( => current thread )
  0x000002b4a91cd410 JavaThread "main"                              [_thread_blocked, id=10612, stack(0x000000efb6c00000,0x000000efb6d00000) (1024K)]
  0x000002b4c338eab0 JavaThread "Reference Handler"          daemon [_thread_blocked, id=16340, stack(0x000000efb7400000,0x000000efb7500000) (1024K)]
  0x000002b4c338f7d0 JavaThread "Finalizer"                  daemon [_thread_blocked, id=14616, stack(0x000000efb7500000,0x000000efb7600000) (1024K)]
  0x000002b4c33a9a30 JavaThread "Signal Dispatcher"          daemon [_thread_blocked, id=736, stack(0x000000efb7600000,0x000000efb7700000) (1024K)]
  0x000002b4c33aa490 JavaThread "Attach Listener"            daemon [_thread_blocked, id=10152, stack(0x000000efb7700000,0x000000efb7800000) (1024K)]
  0x000002b4c33aaef0 JavaThread "Service Thread"             daemon [_thread_blocked, id=10836, stack(0x000000efb7800000,0x000000efb7900000) (1024K)]
  0x000002b4c33ab950 JavaThread "Monitor Deflation Thread"   daemon [_thread_blocked, id=8440, stack(0x000000efb7900000,0x000000efb7a00000) (1024K)]
=>0x000002b4c33ac6e0 JavaThread "C2 CompilerThread0"         daemon [_thread_in_native, id=17744, stack(0x000000efb7a00000,0x000000efb7b00000) (1024K)]
  0x000002b4c33ad180 JavaThread "C1 CompilerThread0"         daemon [_thread_blocked, id=13656, stack(0x000000efb7b00000,0x000000efb7c00000) (1024K)]
  0x000002b4c355afc0 JavaThread "Notification Thread"        daemon [_thread_blocked, id=5736, stack(0x000000efb7c00000,0x000000efb7d00000) (1024K)]
  0x000002b4c3342310 JavaThread "Common-Cleaner"             daemon [_thread_blocked, id=4640, stack(0x000000efb7d00000,0x000000efb7e00000) (1024K)]
  0x000002b4c82e9890 JavaThread "HttpClient-1-SelectorManager" daemon [_thread_in_native, id=13764, stack(0x000000efb7e00000,0x000000efb7f00000) (1024K)]
  0x000002b4c8367740 JavaThread "HttpClient-1-Worker-0"      daemon [_thread_blocked, id=4308, stack(0x000000efb8000000,0x000000efb8100000) (1024K)]
  0x000002b4c842bea0 JavaThread "HttpClient-1-Worker-1"      daemon [_thread_blocked, id=11268, stack(0x000000efb8100000,0x000000efb8200000) (1024K)]
  0x000002b4c83ef5a0 JavaThread "C2 CompilerThread1"         daemon [_thread_blocked, id=368, stack(0x000000efb8200000,0x000000efb8300000) (1024K)]
Total: 15

Other Threads:
  0x000002b4c3338b70 VMThread "VM Thread"                           [id=3052, stack(0x000000efb7300000,0x000000efb7400000) (1024K)]
  0x000002b4c3167ac0 WatcherThread "VM Periodic Task Thread"        [id=7148, stack(0x000000efb7200000,0x000000efb7300000) (1024K)]
  0x000002b4a92291c0 WorkerThread "GC Thread#0"                     [id=2988, stack(0x000000efb6d00000,0x000000efb6e00000) (1024K)]
  0x000002b4a923a830 ConcurrentGCThread "G1 Main Marker"            [id=14048, stack(0x000000efb6e00000,0x000000efb6f00000) (1024K)]
  0x000002b4a923b240 WorkerThread "G1 Conc#0"                       [id=9132, stack(0x000000efb6f00000,0x000000efb7000000) (1024K)]
  0x000002b4c303d530 ConcurrentGCThread "G1 Refine#0"               [id=10044, stack(0x000000efb7000000,0x000000efb7100000) (1024K)]
  0x000002b4c303dfb0 ConcurrentGCThread "G1 Service"                [id=16508, stack(0x000000efb7100000,0x000000efb7200000) (1024K)]
Total: 7

Threads with active compile tasks:
C2 CompilerThread0      658 1073       4       sun.security.ec.ECOperations::setDouble (463 bytes)
Total: 1

VM state: not at safepoint (normal execution)

VM Mutex/Monitor currently owned by a thread: None

Heap address: 0x000000070a000000, size: 3936 MB, Compressed Oops mode: Zero based, Oop shift amount: 3

CDS archive(s) not mapped
Compressed class space mapped at: 0x0000000800000000-0x0000000840000000, reserved size: 1073741824
Narrow klass base: 0x0000000800000000, Narrow klass shift: 0, Narrow klass range: 0x40000000

GC Precious Log:
 CardTable entry size: 512
 Card Set container configuration: InlinePtr #cards 4 size 8 Array Of Cards #cards 16 size 48 Howl #buckets 8 coarsen threshold 3686 Howl Bitmap #cards 512 size 80 coarsen threshold 460 Card regions per heap region 1 cards per card region 4096
 CPUs: 12 total, 12 available
 Memory: 15741M
 Large Page Support: Disabled
 NUMA Support: Disabled
 Compressed Oops: Enabled (Zero based)
 Heap Region Size: 2M
 Heap Min Capacity: 8M
 Heap Initial Capacity: 246M
 Heap Max Capacity: 3936M
 Pre-touch: Disabled
 Parallel Workers: 10
 Concurrent Workers: 3
 Concurrent Refinement Workers: 10
 Periodic GC: Disabled

Heap:
 garbage-first heap   total 251904K, used 12288K [0x000000070a000000, 0x0000000800000000)
  region size 2048K, 7 young (14336K), 0 survivors (0K)
 Metaspace       used 15726K, committed 16000K, reserved 1114112K
  class space    used 1667K, committed 1792K, reserved 1048576K

Heap Regions: E=young(eden), S=young(survivor), O=old, HS=humongous(starts), HC=humongous(continues), CS=collection set, F=free, TAMS=top-at-mark-start, PB=parsable bottom
|   0|0x000000070a000000, 0x000000070a000000, 0x000000070a200000|  0%| F|  |TAMS 0x000000070a000000| PB 0x000000070a000000| Untracked 
|   1|0x000000070a200000, 0x000000070a200000, 0x000000070a400000|  0%| F|  |TAMS 0x000000070a200000| PB 0x000000070a200000| Untracked 
|   2|0x000000070a400000, 0x000000070a400000, 0x000000070a600000|  0%| F|  |TAMS 0x000000070a400000| PB 0x000000070a400000| Untracked 
|   3|0x000000070a600000, 0x000000070a600000, 0x000000070a800000|  0%| F|  |TAMS 0x000000070a600000| PB 0x000000070a600000| Untracked 
|   4|0x000000070a800000, 0x000000070a800000, 0x000000070aa00000|  0%| F|  |TAMS 0x000000070a800000| PB 0x000000070a800000| Untracked 
|   5|0x000000070aa00000, 0x000000070aa00000, 0x000000070ac00000|  0%| F|  |TAMS 0x000000070aa00000| PB 0x000000070aa00000| Untracked 
|   6|0x000000070ac00000, 0x000000070ac00000, 0x000000070ae00000|  0%| F|  |TAMS 0x000000070ac00000| PB 0x000000070ac00000| Untracked 
|   7|0x000000070ae00000, 0x000000070ae00000, 0x000000070b000000|  0%| F|  |TAMS 0x000000070ae00000| PB 0x000000070ae00000| Untracked 
|   8|0x000000070b000000, 0x000000070b000000, 0x000000070b200000|  0%| F|  |TAMS 0x000000070b000000| PB 0x000000070b000000| Untracked 
|   9|0x000000070b200000, 0x000000070b200000, 0x000000070b400000|  0%| F|  |TAMS 0x000000070b200000| PB 0x000000070b200000| Untracked 
|  10|0x000000070b400000, 0x000000070b400000, 0x000000070b600000|  0%| F|  |TAMS 0x000000070b400000| PB 0x000000070b400000| Untracked 
|  11|0x000000070b600000, 0x000000070b600000, 0x000000070b800000|  0%| F|  |TAMS 0x000000070b600000| PB 0x000000070b600000| Untracked 
|  12|0x000000070b800000, 0x000000070b800000, 0x000000070ba00000|  0%| F|  |TAMS 0x000000070b800000| PB 0x000000070b800000| Untracked 
|  13|0x000000070ba00000, 0x000000070ba00000, 0x000000070bc00000|  0%| F|  |TAMS 0x000000070ba00000| PB 0x000000070ba00000| Untracked 
|  14|0x000000070bc00000, 0x000000070bc00000, 0x000000070be00000|  0%| F|  |TAMS 0x000000070bc00000| PB 0x000000070bc00000| Untracked 
|  15|0x000000070be00000, 0x000000070be00000, 0x000000070c000000|  0%| F|  |TAMS 0x000000070be00000| PB 0x000000070be00000| Untracked 
|  16|0x000000070c000000, 0x000000070c000000, 0x000000070c200000|  0%| F|  |TAMS 0x000000070c000000| PB 0x000000070c000000| Untracked 
|  17|0x000000070c200000, 0x000000070c200000, 0x000000070c400000|  0%| F|  |TAMS 0x000000070c200000| PB 0x000000070c200000| Untracked 
|  18|0x000000070c400000, 0x000000070c400000, 0x000000070c600000|  0%| F|  |TAMS 0x000000070c400000| PB 0x000000070c400000| Untracked 
|  19|0x000000070c600000, 0x000000070c600000, 0x000000070c800000|  0%| F|  |TAMS 0x000000070c600000| PB 0x000000070c600000| Untracked 
|  20|0x000000070c800000, 0x000000070c800000, 0x000000070ca00000|  0%| F|  |TAMS 0x000000070c800000| PB 0x000000070c800000| Untracked 
|  21|0x000000070ca00000, 0x000000070ca00000, 0x000000070cc00000|  0%| F|  |TAMS 0x000000070ca00000| PB 0x000000070ca00000| Untracked 
|  22|0x000000070cc00000, 0x000000070cc00000, 0x000000070ce00000|  0%| F|  |TAMS 0x000000070cc00000| PB 0x000000070cc00000| Untracked 
|  23|0x000000070ce00000, 0x000000070ce00000, 0x000000070d000000|  0%| F|  |TAMS 0x000000070ce00000| PB 0x000000070ce00000| Untracked 
|  24|0x000000070d000000, 0x000000070d000000, 0x000000070d200000|  0%| F|  |TAMS 0x000000070d000000| PB 0x000000070d000000| Untracked 
|  25|0x000000070d200000, 0x000000070d200000, 0x000000070d400000|  0%| F|  |TAMS 0x000000070d200000| PB 0x000000070d200000| Untracked 
|  26|0x000000070d400000, 0x000000070d400000, 0x000000070d600000|  0%| F|  |TAMS 0x000000070d400000| PB 0x000000070d400000| Untracked 
|  27|0x000000070d600000, 0x000000070d600000, 0x000000070d800000|  0%| F|  |TAMS 0x000000070d600000| PB 0x000000070d600000| Untracked 
|  28|0x000000070d800000, 0x000000070d800000, 0x000000070da00000|  0%| F|  |TAMS 0x000000070d800000| PB 0x000000070d800000| Untracked 
|  29|0x000000070da00000, 0x000000070da00000, 0x000000070dc00000|  0%| F|  |TAMS 0x000000070da00000| PB 0x000000070da00000| Untracked 
|  30|0x000000070dc00000, 0x000000070dc00000, 0x000000070de00000|  0%| F|  |TAMS 0x000000070dc00000| PB 0x000000070dc00000| Untracked 
|  31|0x000000070de00000, 0x000000070de00000, 0x000000070e000000|  0%| F|  |TAMS 0x000000070de00000| PB 0x000000070de00000| Untracked 
|  32|0x000000070e000000, 0x000000070e000000, 0x000000070e200000|  0%| F|  |TAMS 0x000000070e000000| PB 0x000000070e000000| Untracked 
|  33|0x000000070e200000, 0x000000070e200000, 0x000000070e400000|  0%| F|  |TAMS 0x000000070e200000| PB 0x000000070e200000| Untracked 
|  34|0x000000070e400000, 0x000000070e400000, 0x000000070e600000|  0%| F|  |TAMS 0x000000070e400000| PB 0x000000070e400000| Untracked 
|  35|0x000000070e600000, 0x000000070e600000, 0x000000070e800000|  0%| F|  |TAMS 0x000000070e600000| PB 0x000000070e600000| Untracked 
|  36|0x000000070e800000, 0x000000070e800000, 0x000000070ea00000|  0%| F|  |TAMS 0x000000070e800000| PB 0x000000070e800000| Untracked 
|  37|0x000000070ea00000, 0x000000070ea00000, 0x000000070ec00000|  0%| F|  |TAMS 0x000000070ea00000| PB 0x000000070ea00000| Untracked 
|  38|0x000000070ec00000, 0x000000070ec00000, 0x000000070ee00000|  0%| F|  |TAMS 0x000000070ec00000| PB 0x000000070ec00000| Untracked 
|  39|0x000000070ee00000, 0x000000070ee00000, 0x000000070f000000|  0%| F|  |TAMS 0x000000070ee00000| PB 0x000000070ee00000| Untracked 
|  40|0x000000070f000000, 0x000000070f000000, 0x000000070f200000|  0%| F|  |TAMS 0x000000070f000000| PB 0x000000070f000000| Untracked 
|  41|0x000000070f200000, 0x000000070f200000, 0x000000070f400000|  0%| F|  |TAMS 0x000000070f200000| PB 0x000000070f200000| Untracked 
|  42|0x000000070f400000, 0x000000070f400000, 0x000000070f600000|  0%| F|  |TAMS 0x000000070f400000| PB 0x000000070f400000| Untracked 
|  43|0x000000070f600000, 0x000000070f600000, 0x000000070f800000|  0%| F|  |TAMS 0x000000070f600000| PB 0x000000070f600000| Untracked 
|  44|0x000000070f800000, 0x000000070f800000, 0x000000070fa00000|  0%| F|  |TAMS 0x000000070f800000| PB 0x000000070f800000| Untracked 
|  45|0x000000070fa00000, 0x000000070fa00000, 0x000000070fc00000|  0%| F|  |TAMS 0x000000070fa00000| PB 0x000000070fa00000| Untracked 
|  46|0x000000070fc00000, 0x000000070fc00000, 0x000000070fe00000|  0%| F|  |TAMS 0x000000070fc00000| PB 0x000000070fc00000| Untracked 
|  47|0x000000070fe00000, 0x000000070fe00000, 0x0000000710000000|  0%| F|  |TAMS 0x000000070fe00000| PB 0x000000070fe00000| Untracked 
|  48|0x0000000710000000, 0x0000000710000000, 0x0000000710200000|  0%| F|  |TAMS 0x0000000710000000| PB 0x0000000710000000| Untracked 
|  49|0x0000000710200000, 0x0000000710200000, 0x0000000710400000|  0%| F|  |TAMS 0x0000000710200000| PB 0x0000000710200000| Untracked 
|  50|0x0000000710400000, 0x0000000710400000, 0x0000000710600000|  0%| F|  |TAMS 0x0000000710400000| PB 0x0000000710400000| Untracked 
|  51|0x0000000710600000, 0x0000000710600000, 0x0000000710800000|  0%| F|  |TAMS 0x0000000710600000| PB 0x0000000710600000| Untracked 
|  52|0x0000000710800000, 0x0000000710800000, 0x0000000710a00000|  0%| F|  |TAMS 0x0000000710800000| PB 0x0000000710800000| Untracked 
|  53|0x0000000710a00000, 0x0000000710a00000, 0x0000000710c00000|  0%| F|  |TAMS 0x0000000710a00000| PB 0x0000000710a00000| Untracked 
|  54|0x0000000710c00000, 0x0000000710c00000, 0x0000000710e00000|  0%| F|  |TAMS 0x0000000710c00000| PB 0x0000000710c00000| Untracked 
|  55|0x0000000710e00000, 0x0000000710e00000, 0x0000000711000000|  0%| F|  |TAMS 0x0000000710e00000| PB 0x0000000710e00000| Untracked 
|  56|0x0000000711000000, 0x0000000711000000, 0x0000000711200000|  0%| F|  |TAMS 0x0000000711000000| PB 0x0000000711000000| Untracked 
|  57|0x0000000711200000, 0x0000000711200000, 0x0000000711400000|  0%| F|  |TAMS 0x0000000711200000| PB 0x0000000711200000| Untracked 
|  58|0x0000000711400000, 0x0000000711400000, 0x0000000711600000|  0%| F|  |TAMS 0x0000000711400000| PB 0x0000000711400000| Untracked 
|  59|0x0000000711600000, 0x0000000711600000, 0x0000000711800000|  0%| F|  |TAMS 0x0000000711600000| PB 0x0000000711600000| Untracked 
|  60|0x0000000711800000, 0x0000000711800000, 0x0000000711a00000|  0%| F|  |TAMS 0x0000000711800000| PB 0x0000000711800000| Untracked 
|  61|0x0000000711a00000, 0x0000000711a00000, 0x0000000711c00000|  0%| F|  |TAMS 0x0000000711a00000| PB 0x0000000711a00000| Untracked 
|  62|0x0000000711c00000, 0x0000000711c00000, 0x0000000711e00000|  0%| F|  |TAMS 0x0000000711c00000| PB 0x0000000711c00000| Untracked 
|  63|0x0000000711e00000, 0x0000000711e00000, 0x0000000712000000|  0%| F|  |TAMS 0x0000000711e00000| PB 0x0000000711e00000| Untracked 
|  64|0x0000000712000000, 0x0000000712000000, 0x0000000712200000|  0%| F|  |TAMS 0x0000000712000000| PB 0x0000000712000000| Untracked 
|  65|0x0000000712200000, 0x0000000712200000, 0x0000000712400000|  0%| F|  |TAMS 0x0000000712200000| PB 0x0000000712200000| Untracked 
|  66|0x0000000712400000, 0x0000000712400000, 0x0000000712600000|  0%| F|  |TAMS 0x0000000712400000| PB 0x0000000712400000| Untracked 
|  67|0x0000000712600000, 0x0000000712600000, 0x0000000712800000|  0%| F|  |TAMS 0x0000000712600000| PB 0x0000000712600000| Untracked 
|  68|0x0000000712800000, 0x0000000712800000, 0x0000000712a00000|  0%| F|  |TAMS 0x0000000712800000| PB 0x0000000712800000| Untracked 
|  69|0x0000000712a00000, 0x0000000712a00000, 0x0000000712c00000|  0%| F|  |TAMS 0x0000000712a00000| PB 0x0000000712a00000| Untracked 
|  70|0x0000000712c00000, 0x0000000712c00000, 0x0000000712e00000|  0%| F|  |TAMS 0x0000000712c00000| PB 0x0000000712c00000| Untracked 
|  71|0x0000000712e00000, 0x0000000712e00000, 0x0000000713000000|  0%| F|  |TAMS 0x0000000712e00000| PB 0x0000000712e00000| Untracked 
|  72|0x0000000713000000, 0x0000000713000000, 0x0000000713200000|  0%| F|  |TAMS 0x0000000713000000| PB 0x0000000713000000| Untracked 
|  73|0x0000000713200000, 0x0000000713200000, 0x0000000713400000|  0%| F|  |TAMS 0x0000000713200000| PB 0x0000000713200000| Untracked 
|  74|0x0000000713400000, 0x0000000713400000, 0x0000000713600000|  0%| F|  |TAMS 0x0000000713400000| PB 0x0000000713400000| Untracked 
|  75|0x0000000713600000, 0x0000000713600000, 0x0000000713800000|  0%| F|  |TAMS 0x0000000713600000| PB 0x0000000713600000| Untracked 
|  76|0x0000000713800000, 0x0000000713800000, 0x0000000713a00000|  0%| F|  |TAMS 0x0000000713800000| PB 0x0000000713800000| Untracked 
|  77|0x0000000713a00000, 0x0000000713a00000, 0x0000000713c00000|  0%| F|  |TAMS 0x0000000713a00000| PB 0x0000000713a00000| Untracked 
|  78|0x0000000713c00000, 0x0000000713c00000, 0x0000000713e00000|  0%| F|  |TAMS 0x0000000713c00000| PB 0x0000000713c00000| Untracked 
|  79|0x0000000713e00000, 0x0000000713e00000, 0x0000000714000000|  0%| F|  |TAMS 0x0000000713e00000| PB 0x0000000713e00000| Untracked 
|  80|0x0000000714000000, 0x0000000714000000, 0x0000000714200000|  0%| F|  |TAMS 0x0000000714000000| PB 0x0000000714000000| Untracked 
|  81|0x0000000714200000, 0x0000000714200000, 0x0000000714400000|  0%| F|  |TAMS 0x0000000714200000| PB 0x0000000714200000| Untracked 
|  82|0x0000000714400000, 0x0000000714400000, 0x0000000714600000|  0%| F|  |TAMS 0x0000000714400000| PB 0x0000000714400000| Untracked 
|  83|0x0000000714600000, 0x0000000714600000, 0x0000000714800000|  0%| F|  |TAMS 0x0000000714600000| PB 0x0000000714600000| Untracked 
|  84|0x0000000714800000, 0x0000000714800000, 0x0000000714a00000|  0%| F|  |TAMS 0x0000000714800000| PB 0x0000000714800000| Untracked 
|  85|0x0000000714a00000, 0x0000000714a00000, 0x0000000714c00000|  0%| F|  |TAMS 0x0000000714a00000| PB 0x0000000714a00000| Untracked 
|  86|0x0000000714c00000, 0x0000000714c00000, 0x0000000714e00000|  0%| F|  |TAMS 0x0000000714c00000| PB 0x0000000714c00000| Untracked 
|  87|0x0000000714e00000, 0x0000000714e00000, 0x0000000715000000|  0%| F|  |TAMS 0x0000000714e00000| PB 0x0000000714e00000| Untracked 
|  88|0x0000000715000000, 0x0000000715000000, 0x0000000715200000|  0%| F|  |TAMS 0x0000000715000000| PB 0x0000000715000000| Untracked 
|  89|0x0000000715200000, 0x0000000715200000, 0x0000000715400000|  0%| F|  |TAMS 0x0000000715200000| PB 0x0000000715200000| Untracked 
|  90|0x0000000715400000, 0x0000000715400000, 0x0000000715600000|  0%| F|  |TAMS 0x0000000715400000| PB 0x0000000715400000| Untracked 
|  91|0x0000000715600000, 0x0000000715600000, 0x0000000715800000|  0%| F|  |TAMS 0x0000000715600000| PB 0x0000000715600000| Untracked 
|  92|0x0000000715800000, 0x0000000715800000, 0x0000000715a00000|  0%| F|  |TAMS 0x0000000715800000| PB 0x0000000715800000| Untracked 
|  93|0x0000000715a00000, 0x0000000715a00000, 0x0000000715c00000|  0%| F|  |TAMS 0x0000000715a00000| PB 0x0000000715a00000| Untracked 
|  94|0x0000000715c00000, 0x0000000715c00000, 0x0000000715e00000|  0%| F|  |TAMS 0x0000000715c00000| PB 0x0000000715c00000| Untracked 
|  95|0x0000000715e00000, 0x0000000715e00000, 0x0000000716000000|  0%| F|  |TAMS 0x0000000715e00000| PB 0x0000000715e00000| Untracked 
|  96|0x0000000716000000, 0x0000000716000000, 0x0000000716200000|  0%| F|  |TAMS 0x0000000716000000| PB 0x0000000716000000| Untracked 
|  97|0x0000000716200000, 0x0000000716200000, 0x0000000716400000|  0%| F|  |TAMS 0x0000000716200000| PB 0x0000000716200000| Untracked 
|  98|0x0000000716400000, 0x0000000716400000, 0x0000000716600000|  0%| F|  |TAMS 0x0000000716400000| PB 0x0000000716400000| Untracked 
|  99|0x0000000716600000, 0x0000000716600000, 0x0000000716800000|  0%| F|  |TAMS 0x0000000716600000| PB 0x0000000716600000| Untracked 
| 100|0x0000000716800000, 0x0000000716800000, 0x0000000716a00000|  0%| F|  |TAMS 0x0000000716800000| PB 0x0000000716800000| Untracked 
| 101|0x0000000716a00000, 0x0000000716a00000, 0x0000000716c00000|  0%| F|  |TAMS 0x0000000716a00000| PB 0x0000000716a00000| Untracked 
| 102|0x0000000716c00000, 0x0000000716c00000, 0x0000000716e00000|  0%| F|  |TAMS 0x0000000716c00000| PB 0x0000000716c00000| Untracked 
| 103|0x0000000716e00000, 0x0000000716e00000, 0x0000000717000000|  0%| F|  |TAMS 0x0000000716e00000| PB 0x0000000716e00000| Untracked 
| 104|0x0000000717000000, 0x0000000717000000, 0x0000000717200000|  0%| F|  |TAMS 0x0000000717000000| PB 0x0000000717000000| Untracked 
| 105|0x0000000717200000, 0x0000000717200000, 0x0000000717400000|  0%| F|  |TAMS 0x0000000717200000| PB 0x0000000717200000| Untracked 
| 106|0x0000000717400000, 0x0000000717400000, 0x0000000717600000|  0%| F|  |TAMS 0x0000000717400000| PB 0x0000000717400000| Untracked 
| 107|0x0000000717600000, 0x0000000717600000, 0x0000000717800000|  0%| F|  |TAMS 0x0000000717600000| PB 0x0000000717600000| Untracked 
| 108|0x0000000717800000, 0x0000000717800000, 0x0000000717a00000|  0%| F|  |TAMS 0x0000000717800000| PB 0x0000000717800000| Untracked 
| 109|0x0000000717a00000, 0x0000000717a00000, 0x0000000717c00000|  0%| F|  |TAMS 0x0000000717a00000| PB 0x0000000717a00000| Untracked 
| 110|0x0000000717c00000, 0x0000000717c00000, 0x0000000717e00000|  0%| F|  |TAMS 0x0000000717c00000| PB 0x0000000717c00000| Untracked 
| 111|0x0000000717e00000, 0x0000000717e00000, 0x0000000718000000|  0%| F|  |TAMS 0x0000000717e00000| PB 0x0000000717e00000| Untracked 
| 112|0x0000000718000000, 0x0000000718000000, 0x0000000718200000|  0%| F|  |TAMS 0x0000000718000000| PB 0x0000000718000000| Untracked 
| 113|0x0000000718200000, 0x0000000718200000, 0x0000000718400000|  0%| F|  |TAMS 0x0000000718200000| PB 0x0000000718200000| Untracked 
| 114|0x0000000718400000, 0x0000000718400000, 0x0000000718600000|  0%| F|  |TAMS 0x0000000718400000| PB 0x0000000718400000| Untracked 
| 115|0x0000000718600000, 0x0000000718600000, 0x0000000718800000|  0%| F|  |TAMS 0x0000000718600000| PB 0x0000000718600000| Untracked 
| 116|0x0000000718800000, 0x00000007189c7a88, 0x0000000718a00000| 88%| E|  |TAMS 0x0000000718800000| PB 0x0000000718800000| Complete 
| 117|0x0000000718a00000, 0x0000000718c00000, 0x0000000718c00000|100%| E|CS|TAMS 0x0000000718a00000| PB 0x0000000718a00000| Complete 
| 118|0x0000000718c00000, 0x0000000718e00000, 0x0000000718e00000|100%| E|CS|TAMS 0x0000000718c00000| PB 0x0000000718c00000| Complete 
| 119|0x0000000718e00000, 0x0000000719000000, 0x0000000719000000|100%| E|CS|TAMS 0x0000000718e00000| PB 0x0000000718e00000| Complete 
| 120|0x0000000719000000, 0x0000000719200000, 0x0000000719200000|100%| E|CS|TAMS 0x0000000719000000| PB 0x0000000719000000| Complete 
| 121|0x0000000719200000, 0x0000000719400000, 0x0000000719400000|100%| E|CS|TAMS 0x0000000719200000| PB 0x0000000719200000| Complete 
| 122|0x0000000719400000, 0x0000000719600000, 0x0000000719600000|100%| E|CS|TAMS 0x0000000719400000| PB 0x0000000719400000| Complete 

Card table byte_map: [0x000002b4bc030000,0x000002b4bc7e0000] _byte_map_base: 0x000002b4b87e0000

Marking Bits: (CMBitMap*) 0x000002b4a922a7e0
 Bits: [0x000002b4bc7e0000, 0x000002b4c0560000)

Polling page: 0x000002b4a6fb0000

Metaspace:

Usage:
  Non-class:     13.73 MB used.
      Class:      1.63 MB used.
       Both:     15.36 MB used.

Virtual space:
  Non-class space:       64.00 MB reserved,      13.88 MB ( 22%) committed,  1 nodes.
      Class space:        1.00 GB reserved,       1.75 MB ( <1%) committed,  1 nodes.
             Both:        1.06 GB reserved,      15.62 MB (  1%) committed. 

Chunk freelists:
   Non-Class:  2.16 MB
       Class:  14.17 MB
        Both:  16.33 MB

MaxMetaspaceSize: unlimited
CompressedClassSpaceSize: 1.00 GB
Initial GC threshold: 21.00 MB
Current GC threshold: 21.00 MB
CDS: off
 - commit_granule_bytes: 65536.
 - commit_granule_words: 8192.
 - virtual_space_node_default_size: 8388608.
 - enlarge_chunks_in_place: 1.
 - use_allocation_guard: 0.


Internal statistics:

num_allocs_failed_limit: 0.
num_arena_births: 222.
num_arena_deaths: 0.
num_vsnodes_births: 2.
num_vsnodes_deaths: 0.
num_space_committed: 250.
num_space_uncommitted: 0.
num_chunks_returned_to_freelist: 0.
num_chunks_taken_from_freelist: 396.
num_chunk_merges: 0.
num_chunk_splits: 217.
num_chunks_enlarged: 96.
num_inconsistent_stats: 0.

CodeHeap 'non-profiled nmethods': size=120000Kb used=345Kb max_used=345Kb free=119654Kb
 bounds [0x000002b4b3df0000, 0x000002b4b4060000, 0x000002b4bb320000]
CodeHeap 'profiled nmethods': size=120000Kb used=1800Kb max_used=1800Kb free=118199Kb
 bounds [0x000002b4ac320000, 0x000002b4ac590000, 0x000002b4b3850000]
CodeHeap 'non-nmethods': size=5760Kb used=1404Kb max_used=1420Kb free=4355Kb
 bounds [0x000002b4b3850000, 0x000002b4b3ac0000, 0x000002b4b3df0000]
 total_blobs=1589 nmethods=1078 adapters=416
 compilation: enabled
              stopped_count=0, restarted_count=0
 full_count=0

Compilation events (20 events):
Event: 0.541 Thread 0x000002b4c83ef5a0 1062       4       sun.security.util.math.intpoly.IntegerPolynomialP256::square (613 bytes)
Event: 0.543 Thread 0x000002b4c33ac6e0 nmethod 1057 0x000002b4b3e42410 code [0x000002b4b3e425e0, 0x000002b4b3e42a68]
Event: 0.543 Thread 0x000002b4c33ac6e0 1066       4       sun.security.ec.point.ProjectivePoint$Mutable::conditionalSet (53 bytes)
Event: 0.546 Thread 0x000002b4c83ef5a0 nmethod 1062 0x000002b4b3e42d10 code [0x000002b4b3e42ec0, 0x000002b4b3e43450]
Event: 0.546 Thread 0x000002b4c83ef5a0 1074       4       sun.security.ec.ECOperations$PointMultiplier::lookup (84 bytes)
Event: 0.553 Thread 0x000002b4c33ac6e0 nmethod 1066 0x000002b4b3e43610 code [0x000002b4b3e43800, 0x000002b4b3e44130]
Event: 0.553 Thread 0x000002b4c33ac6e0 1075       4       sun.security.util.math.intpoly.IntegerPolynomial$MutableElement::setAdditiveInverse (32 bytes)
Event: 0.554 Thread 0x000002b4c33ad180 1076       3       sun.security.ec.ECOperations$PointMultiplier$Secp256R1GeneratorMultiplier::bit (13 bytes)
Event: 0.555 Thread 0x000002b4c33ad180 nmethod 1076 0x000002b4ac4e1510 code [0x000002b4ac4e16a0, 0x000002b4ac4e17c8]
Event: 0.555 Thread 0x000002b4c33ad180 1077       1       java.security.Provider::getName (5 bytes)
Event: 0.555 Thread 0x000002b4c33ad180 nmethod 1077 0x000002b4b3e44610 code [0x000002b4b3e447a0, 0x000002b4b3e44870]
Event: 0.555 Thread 0x000002b4c33ad180 1078       3       java.lang.Enum::hashCode (21 bytes)
Event: 0.555 Thread 0x000002b4c33ac6e0 nmethod 1075 0x000002b4b3e44910 code [0x000002b4b3e44aa0, 0x000002b4b3e44c78]
Event: 0.555 Thread 0x000002b4c33ac6e0 1056       4       sun.security.util.math.intpoly.IntegerPolynomialP256::reduce (40 bytes)
Event: 0.555 Thread 0x000002b4c33ad180 nmethod 1078 0x000002b4ac4e1890 code [0x000002b4ac4e1a40, 0x000002b4ac4e1bc8]
Event: 0.556 Thread 0x000002b4c33ac6e0 nmethod 1056 0x000002b4b3e44d90 code [0x000002b4b3e44f20, 0x000002b4b3e45058]
Event: 0.556 Thread 0x000002b4c33ac6e0 1073       4       sun.security.ec.ECOperations::setDouble (463 bytes)
Event: 0.556 Thread 0x000002b4c33ad180 1079  s    3       java.io.ByteArrayOutputStream::toByteArray (12 bytes)
Event: 0.557 Thread 0x000002b4c33ad180 nmethod 1079 0x000002b4ac4e1c90 code [0x000002b4ac4e1e40, 0x000002b4ac4e2050]
Event: 0.558 Thread 0x000002b4c83ef5a0 nmethod 1074 0x000002b4b3e45190 code [0x000002b4b3e45380, 0x000002b4b3e45e58]

GC Heap History (0 events):
No events

Dll operation events (2 events):
Event: 0.006 Loaded shared library C:\Program Files\Android\Android Studio\jbr\bin\java.dll
Event: 0.011 Loaded shared library C:\Program Files\Android\Android Studio\jbr\bin\zip.dll

Deoptimization events (14 events):
Event: 0.234 Thread 0x000002b4a91cd410 Uncommon trap: trap_request=0xffffff45 fr.pc=0x000002b4b3e03094 relative=0x0000000000000074
Event: 0.234 Thread 0x000002b4a91cd410 Uncommon trap: reason=unstable_if action=reinterpret pc=0x000002b4b3e03094 method=java.lang.CharacterDataLatin1.toLowerCase(I)I @ 16 c2
Event: 0.234 Thread 0x000002b4a91cd410 DEOPT PACKING pc=0x000002b4b3e03094 sp=0x000000efb6cfdb60
Event: 0.234 Thread 0x000002b4a91cd410 DEOPT UNPACKING pc=0x000002b4b38a46a2 sp=0x000000efb6cfdaf0 mode 2
Event: 0.269 Thread 0x000002b4a91cd410 DEOPT PACKING pc=0x000002b4ac35de23 sp=0x000000efb6cfdf20
Event: 0.269 Thread 0x000002b4a91cd410 DEOPT UNPACKING pc=0x000002b4b38a4e42 sp=0x000000efb6cfd3b8 mode 0
Event: 0.285 Thread 0x000002b4a91cd410 Uncommon trap: trap_request=0xffffff45 fr.pc=0x000002b4b3e0e6ac relative=0x000000000000008c
Event: 0.285 Thread 0x000002b4a91cd410 Uncommon trap: reason=unstable_if action=reinterpret pc=0x000002b4b3e0e6ac method=jdk.internal.misc.Unsafe.convEndian(ZI)I @ 4 c2
Event: 0.285 Thread 0x000002b4a91cd410 DEOPT PACKING pc=0x000002b4b3e0e6ac sp=0x000000efb6cfdf20
Event: 0.285 Thread 0x000002b4a91cd410 DEOPT UNPACKING pc=0x000002b4b38a46a2 sp=0x000000efb6cfde50 mode 2
Event: 0.325 Thread 0x000002b4a91cd410 DEOPT PACKING pc=0x000002b4ac339078 sp=0x000000efb6cfc270
Event: 0.325 Thread 0x000002b4a91cd410 DEOPT UNPACKING pc=0x000002b4b38a4e42 sp=0x000000efb6cfb690 mode 0
Event: 0.338 Thread 0x000002b4a91cd410 DEOPT PACKING pc=0x000002b4ac336658 sp=0x000000efb6cfd250
Event: 0.338 Thread 0x000002b4a91cd410 DEOPT UNPACKING pc=0x000002b4b38a4e42 sp=0x000000efb6cfc6b8 mode 0

Classes loaded (20 events):
Event: 0.556 Loading class sun/security/ssl/OutputRecord$T13PaddingHolder
Event: 0.556 Loading class sun/security/ssl/OutputRecord$T13PaddingHolder done
Event: 0.556 Loading class sun/security/ssl/Ciphertext
Event: 0.556 Loading class sun/security/ssl/Ciphertext done
Event: 0.556 Loading class sun/security/ssl/PostHandshakeContext
Event: 0.556 Loading class sun/security/ssl/PostHandshakeContext done
Event: 0.556 Loading class javax/net/ssl/SSLEngineResult$Status
Event: 0.556 Loading class javax/net/ssl/SSLEngineResult$Status done
Event: 0.556 Loading class javax/net/ssl/SSLEngineResult
Event: 0.556 Loading class javax/net/ssl/SSLEngineResult done
Event: 0.556 Loading class java/lang/NoSuchFieldError
Event: 0.556 Loading class java/lang/NoSuchFieldError done
Event: 0.557 Loading class sun/nio/ch/IOVecWrapper
Event: 0.557 Loading class sun/nio/ch/IOVecWrapper done
Event: 0.557 Loading class sun/nio/ch/AllocatedNativeObject
Event: 0.557 Loading class sun/nio/ch/NativeObject
Event: 0.557 Loading class sun/nio/ch/NativeObject done
Event: 0.557 Loading class sun/nio/ch/AllocatedNativeObject done
Event: 0.557 Loading class sun/nio/ch/IOVecWrapper$Deallocator
Event: 0.557 Loading class sun/nio/ch/IOVecWrapper$Deallocator done

Classes unloaded (0 events):
No events

Classes redefined (0 events):
No events

Internal exceptions (20 events):
Event: 0.325 Thread 0x000002b4a91cd410 Exception <a 'java/lang/NoSuchMethodError'{0x0000000718e77798}: 'int java.lang.invoke.DirectMethodHandle$Holder.invokeVirtual(java.lang.Object, java.lang.Object)'> (0x0000000718e77798) 
thrown [s\src\hotspot\share\interpreter\linkResolver.cpp, line 784]
Event: 0.325 Thread 0x000002b4a91cd410 Exception <a 'java/lang/NoSuchMethodError'{0x0000000718e7ba00}: 'int java.lang.invoke.DirectMethodHandle$Holder.invokeStaticInit(java.lang.Object, int, int)'> (0x0000000718e7ba00) 
thrown [s\src\hotspot\share\interpreter\linkResolver.cpp, line 784]
Event: 0.326 Thread 0x000002b4a91cd410 Exception <a 'java/lang/NoSuchMethodError'{0x0000000718e82dc0}: 'int java.lang.invoke.DirectMethodHandle$Holder.invokeStaticInit(java.lang.Object, long, long)'> (0x0000000718e82dc0) 
thrown [s\src\hotspot\share\interpreter\linkResolver.cpp, line 784]
Event: 0.327 Thread 0x000002b4a91cd410 Exception <a 'java/lang/NoSuchMethodError'{0x0000000718e89800}: 'int java.lang.invoke.DirectMethodHandle$Holder.invokeStaticInit(java.lang.Object, float, float)'> (0x0000000718e89800) 
thrown [s\src\hotspot\share\interpreter\linkResolver.cpp, line 784]
Event: 0.327 Thread 0x000002b4a91cd410 Exception <a 'java/lang/NoSuchMethodError'{0x0000000718e90110}: 'int java.lang.invoke.DirectMethodHandle$Holder.invokeStaticInit(java.lang.Object, double, double)'> (0x0000000718e90110) 
thrown [s\src\hotspot\share\interpreter\linkResolver.cpp, line 784]
Event: 0.328 Thread 0x000002b4a91cd410 Exception <a 'java/lang/NoSuchMethodError'{0x0000000718e94598}: 'int java.lang.invoke.DirectMethodHandle$Holder.invokeStatic(java.lang.Object, long)'> (0x0000000718e94598) 
thrown [s\src\hotspot\share\interpreter\linkResolver.cpp, line 784]
Event: 0.331 Thread 0x000002b4a91cd410 Exception <a 'java/lang/NoSuchMethodError'{0x0000000718ec0418}: 'java.lang.Object java.lang.invoke.DelegatingMethodHandle$Holder.delegate(java.lang.Object, int, java.lang.Object, java.lang.Object)'> (0x0000000718ec0418) 
thrown [s\src\hotspot\share\interpreter\linkResolver.cpp, line 784]
Event: 0.333 Thread 0x000002b4a91cd410 Exception <a 'java/lang/NoSuchMethodError'{0x0000000718ecf528}: 'int java.lang.invoke.Invokers$Holder.linkToTargetMethod(java.lang.Object, java.lang.Object, java.lang.Object)'> (0x0000000718ecf528) 
thrown [s\src\hotspot\share\interpreter\linkResolver.cpp, line 784]
Event: 0.337 Thread 0x000002b4a91cd410 Exception <a 'java/lang/NoSuchMethodError'{0x0000000718efef00}: 'long java.lang.invoke.DirectMethodHandle$Holder.invokeSpecial(java.lang.Object, java.lang.Object)'> (0x0000000718efef00) 
thrown [s\src\hotspot\share\interpreter\linkResolver.cpp, line 784]
Event: 0.337 Thread 0x000002b4a91cd410 Exception <a 'java/lang/NoSuchMethodError'{0x0000000718f05600}: 'int java.lang.invoke.DirectMethodHandle$Holder.invokeStatic(java.lang.Object, java.lang.Object, java.lang.Object, java.lang.Object)'> (0x0000000718f05600) 
thrown [s\src\hotspot\share\interpreter\linkResolver.cpp, line 784]
Event: 0.338 Thread 0x000002b4a91cd410 Exception <a 'java/lang/NoSuchMethodError'{0x0000000718f089d0}: 'java.lang.Object java.lang.invoke.Invokers$Holder.invokeExact_MT(java.lang.Object, java.lang.Object, java.lang.Object, java.lang.Object, java.lang.Object, java.lang.Object)'> (0x0000000718f089d0) 
thrown [s\src\hotspot\share\interpreter\linkResolver.cpp, line 784]
Event: 0.420 Thread 0x000002b4a91cd410 Exception <a 'java/lang/NoSuchMethodError'{0x0000000718cc7f30}: 'java.lang.Object java.lang.invoke.DirectMethodHandle$Holder.newInvokeSpecial(java.lang.Object, java.lang.Object, java.lang.Object, java.lang.Object, java.lang.Object)'> (0x0000000718cc7f30) 
thrown [s\src\hotspot\share\interpreter\linkResolver.cpp, line 784]
Event: 0.447 Thread 0x000002b4a91cd410 Exception <a 'java/lang/NoSuchMethodError'{0x0000000718a899a0}: 'java.lang.Object java.lang.invoke.DirectMethodHandle$Holder.invokeSpecial(java.lang.Object, java.lang.Object, java.lang.Object, java.lang.Object, int)'> (0x0000000718a899a0) 
thrown [s\src\hotspot\share\interpreter\linkResolver.cpp, line 784]
Event: 0.447 Thread 0x000002b4a91cd410 Exception <a 'java/lang/NoSuchMethodError'{0x0000000718a8d2e8}: 'java.lang.Object java.lang.invoke.Invokers$Holder.linkToTargetMethod(java.lang.Object, java.lang.Object, int, java.lang.Object)'> (0x0000000718a8d2e8) 
thrown [s\src\hotspot\share\interpreter\linkResolver.cpp, line 784]
Event: 0.454 Thread 0x000002b4a91cd410 Exception <a 'java/lang/NoSuchMethodError'{0x0000000718ab7fc0}: 'void java.lang.invoke.DirectMethodHandle$Holder.invokeSpecial(java.lang.Object, java.lang.Object, java.lang.Object)'> (0x0000000718ab7fc0) 
thrown [s\src\hotspot\share\interpreter\linkResolver.cpp, line 784]
Event: 0.467 Thread 0x000002b4a91cd410 Exception <a 'java/lang/NoSuchMethodError'{0x0000000718b2ec60}: 'void java.lang.invoke.DirectMethodHandle$Holder.invokeSpecial(java.lang.Object, java.lang.Object, java.lang.Object, java.lang.Object, java.lang.Object)'> (0x0000000718b2ec60) 
thrown [s\src\hotspot\share\interpreter\linkResolver.cpp, line 784]
Event: 0.468 Thread 0x000002b4c82e9890 Exception <a 'java/lang/NoSuchMethodError'{0x0000000718cffad0}: 'void java.lang.invoke.DirectMethodHandle$Holder.invokeStatic(java.lang.Object, java.lang.Object, int)'> (0x0000000718cffad0) 
thrown [s\src\hotspot\share\interpreter\linkResolver.cpp, line 784]
Event: 0.476 Thread 0x000002b4c82e9890 Exception <a 'java/lang/NoSuchMethodError'{0x0000000718d381f0}: 'void java.lang.invoke.DirectMethodHandle$Holder.invokeStatic(java.lang.Object, java.lang.Object)'> (0x0000000718d381f0) 
thrown [s\src\hotspot\share\interpreter\linkResolver.cpp, line 784]
Event: 0.477 Thread 0x000002b4c8367740 Exception <a 'java/lang/NoSuchMethodError'{0x0000000718b81ff8}: 'void java.lang.invoke.DirectMethodHandle$Holder.invokeInterface(java.lang.Object, java.lang.Object, java.lang.Object)'> (0x0000000718b81ff8) 
thrown [s\src\hotspot\share\interpreter\linkResolver.cpp, line 784]
Event: 0.482 Thread 0x000002b4c8367740 Exception <a 'java/lang/NoSuchMethodError'{0x0000000718bcaf60}: 'void java.lang.invoke.DirectMethodHandle$Holder.invokeVirtual(java.lang.Object, java.lang.Object)'> (0x0000000718bcaf60) 
thrown [s\src\hotspot\share\interpreter\linkResolver.cpp, line 784]

ZGC Phase Switch (0 events):
No events

VM Operations (8 events):
Event: 0.094 Executing VM operation: HandshakeAllThreads (Deoptimize)
Event: 0.094 Executing VM operation: HandshakeAllThreads (Deoptimize) done
Event: 0.102 Executing VM operation: HandshakeAllThreads (Deoptimize)
Event: 0.102 Executing VM operation: HandshakeAllThreads (Deoptimize) done
Event: 0.259 Executing VM operation: HandshakeAllThreads (Deoptimize)
Event: 0.259 Executing VM operation: HandshakeAllThreads (Deoptimize) done
Event: 0.472 Executing VM operation: HandshakeAllThreads (Deoptimize)
Event: 0.472 Executing VM operation: HandshakeAllThreads (Deoptimize) done

Events (20 events):
Event: 0.010 Thread 0x000002b4a91cd410 Thread added: 0x000002b4a91cd410
Event: 0.047 Thread 0x000002b4c338eab0 Thread added: 0x000002b4c338eab0
Event: 0.047 Thread 0x000002b4c338f7d0 Thread added: 0x000002b4c338f7d0
Event: 0.048 Thread 0x000002b4c33a9a30 Thread added: 0x000002b4c33a9a30
Event: 0.048 Thread 0x000002b4c33aa490 Thread added: 0x000002b4c33aa490
Event: 0.048 Thread 0x000002b4c33aaef0 Thread added: 0x000002b4c33aaef0
Event: 0.048 Thread 0x000002b4c33ab950 Thread added: 0x000002b4c33ab950
Event: 0.048 Thread 0x000002b4c33ac6e0 Thread added: 0x000002b4c33ac6e0
Event: 0.048 Thread 0x000002b4c33ad180 Thread added: 0x000002b4c33ad180
Event: 0.070 Thread 0x000002b4c355afc0 Thread added: 0x000002b4c355afc0
Event: 0.075 Thread 0x000002b4c3342310 Thread added: 0x000002b4c3342310
Event: 0.081 Loaded shared library C:\Program Files\Android\Android Studio\jbr\bin\net.dll
Event: 0.083 Loaded shared library C:\Program Files\Android\Android Studio\jbr\bin\nio.dll
Event: 0.089 Loaded shared library C:\Program Files\Android\Android Studio\jbr\bin\zip.dll
Event: 0.152 Loaded shared library C:\Program Files\Android\Android Studio\jbr\bin\jimage.dll
Event: 0.411 Loaded shared library C:\Program Files\Android\Android Studio\jbr\bin\extnet.dll
Event: 0.416 Thread 0x000002b4c82e9890 Thread added: 0x000002b4c82e9890
Event: 0.475 Thread 0x000002b4c8367740 Thread added: 0x000002b4c8367740
Event: 0.487 Thread 0x000002b4c842bea0 Thread added: 0x000002b4c842bea0
Event: 0.521 Thread 0x000002b4c83ef5a0 Thread added: 0x000002b4c83ef5a0


Dynamic libraries:
0x00007ff7519a0000 - 0x00007ff7519aa000 	C:\Program Files\Android\Android Studio\jbr\bin\java.exe
0x00007ffcc32f0000 - 0x00007ffcc34e8000 	C:\Windows\SYSTEM32\ntdll.dll
0x00007ffcc2e10000 - 0x00007ffcc2ecd000 	C:\Windows\System32\KERNEL32.DLL
0x00007ffcc0e10000 - 0x00007ffcc10de000 	C:\Windows\System32\KERNELBASE.dll
0x00007ffcc0c70000 - 0x00007ffcc0d70000 	C:\Windows\System32\ucrtbase.dll
0x00007ffcb6e20000 - 0x00007ffcb6e38000 	C:\Program Files\Android\Android Studio\jbr\bin\jli.dll
0x00007ffca9280000 - 0x00007ffca929b000 	C:\Program Files\Android\Android Studio\jbr\bin\VCRUNTIME140.dll
0x00007ffcc1d10000 - 0x00007ffcc1eb0000 	C:\Windows\System32\USER32.dll
0x00007ffcc0de0000 - 0x00007ffcc0e02000 	C:\Windows\System32\win32u.dll
0x00007ffcc1ce0000 - 0x00007ffcc1d0a000 	C:\Windows\System32\GDI32.dll
0x00007ffca9cc0000 - 0x00007ffca9f5a000 	C:\Windows\WinSxS\amd64_microsoft.windows.common-controls_6595b64144ccf1df_6.0.19041.1110_none_60b5254171f9507e\COMCTL32.dll
0x00007ffcc0a10000 - 0x00007ffcc0b1b000 	C:\Windows\System32\gdi32full.dll
0x00007ffcc0b20000 - 0x00007ffcc0bbd000 	C:\Windows\System32\msvcp_win.dll
0x00007ffcc2ed0000 - 0x00007ffcc2f6e000 	C:\Windows\System32\msvcrt.dll
0x00007ffcc30c0000 - 0x00007ffcc30f0000 	C:\Windows\System32\IMM32.DLL
0x00007ffcbafb0000 - 0x00007ffcbafbc000 	C:\Program Files\Android\Android Studio\jbr\bin\vcruntime140_1.dll
0x00007ffc9b310000 - 0x00007ffc9b39d000 	C:\Program Files\Android\Android Studio\jbr\bin\msvcp140.dll
0x00007ffc459f0000 - 0x00007ffc4666d000 	C:\Program Files\Android\Android Studio\jbr\bin\server\jvm.dll
0x00007ffcc1920000 - 0x00007ffcc19ce000 	C:\Windows\System32\ADVAPI32.dll
0x00007ffcc2b20000 - 0x00007ffcc2bbc000 	C:\Windows\System32\sechost.dll
0x00007ffcc2f70000 - 0x00007ffcc3095000 	C:\Windows\System32\RPCRT4.dll
0x00007ffcc2d40000 - 0x00007ffcc2dab000 	C:\Windows\System32\WS2_32.dll
0x00007ffcc07d0000 - 0x00007ffcc081b000 	C:\Windows\SYSTEM32\POWRPROF.dll
0x00007ffcb73d0000 - 0x00007ffcb73da000 	C:\Windows\SYSTEM32\VERSION.dll
0x00007ffcb74f0000 - 0x00007ffcb7517000 	C:\Windows\SYSTEM32\WINMM.dll
0x00007ffcc0750000 - 0x00007ffcc0762000 	C:\Windows\SYSTEM32\UMPDC.dll
0x00007ffcbf2b0000 - 0x00007ffcbf2c2000 	C:\Windows\SYSTEM32\kernel.appcore.dll
0x00007ffcac6d0000 - 0x00007ffcac6da000 	C:\Program Files\Android\Android Studio\jbr\bin\jimage.dll
0x00007ffcbe8c0000 - 0x00007ffcbeaa4000 	C:\Windows\SYSTEM32\DBGHELP.DLL
0x00007ffcb5540000 - 0x00007ffcb556c000 	C:\Windows\SYSTEM32\dbgcore.DLL
0x00007ffcc12c0000 - 0x00007ffcc1342000 	C:\Windows\System32\bcryptPrimitives.dll
0x00007ffc9c4b0000 - 0x00007ffc9c4cf000 	C:\Program Files\Android\Android Studio\jbr\bin\java.dll
0x00007ffc9c490000 - 0x00007ffc9c4a8000 	C:\Program Files\Android\Android Studio\jbr\bin\zip.dll
0x00007ffcc1eb0000 - 0x00007ffcc25f4000 	C:\Windows\System32\SHELL32.dll
0x00007ffcbead0000 - 0x00007ffcbf264000 	C:\Windows\SYSTEM32\windows.storage.dll
0x00007ffcc2610000 - 0x00007ffcc2964000 	C:\Windows\System32\combase.dll
0x00007ffcc02c0000 - 0x00007ffcc02f0000 	C:\Windows\SYSTEM32\Wldp.dll
0x00007ffcc1af0000 - 0x00007ffcc1b9d000 	C:\Windows\System32\SHCORE.dll
0x00007ffcc2bc0000 - 0x00007ffcc2c15000 	C:\Windows\System32\shlwapi.dll
0x00007ffcc0950000 - 0x00007ffcc096f000 	C:\Windows\SYSTEM32\profapi.dll
0x00007ffca9270000 - 0x00007ffca9280000 	C:\Program Files\Android\Android Studio\jbr\bin\net.dll
0x00007ffcbad60000 - 0x00007ffcbae6a000 	C:\Windows\SYSTEM32\WINHTTP.dll
0x00007ffcc00a0000 - 0x00007ffcc010a000 	C:\Windows\system32\mswsock.dll
0x00007ffc9c470000 - 0x00007ffc9c486000 	C:\Program Files\Android\Android Studio\jbr\bin\nio.dll
0x00007ffcc0300000 - 0x00007ffcc0318000 	C:\Windows\SYSTEM32\CRYPTSP.dll
0x00007ffcbfa40000 - 0x00007ffcbfa74000 	C:\Windows\system32\rsaenh.dll
0x00007ffcc10e0000 - 0x00007ffcc1107000 	C:\Windows\System32\bcrypt.dll
0x00007ffcc08d0000 - 0x00007ffcc08fe000 	C:\Windows\SYSTEM32\USERENV.dll
0x00007ffcc0230000 - 0x00007ffcc023c000 	C:\Windows\SYSTEM32\CRYPTBASE.dll
0x00007ffcbfdb0000 - 0x00007ffcbfdeb000 	C:\Windows\SYSTEM32\IPHLPAPI.DLL
0x00007ffcc1ba0000 - 0x00007ffcc1ba8000 	C:\Windows\System32\NSI.dll
0x00007ffca0580000 - 0x00007ffca0587000 	C:\Windows\system32\wshunix.dll
0x00007ffc9c340000 - 0x00007ffc9c349000 	C:\Program Files\Android\Android Studio\jbr\bin\extnet.dll

dbghelp: loaded successfully - version: 4.0.5 - missing functions: none
symbol engine: initialized successfully - sym options: 0x614 - pdb path: .;C:\Program Files\Android\Android Studio\jbr\bin;C:\Windows\SYSTEM32;C:\Windows\WinSxS\amd64_microsoft.windows.common-controls_6595b64144ccf1df_6.0.19041.1110_none_60b5254171f9507e;C:\Program Files\Android\Android Studio\jbr\bin\server

VM Arguments:
java_command: git4idea.http.GitAskPassApp Username for 'https://github.com': 
java_class_path (initial): C:/Program Files/Android/Android Studio/plugins/vcs-git/lib/git4idea-rt.jar;C:/Program Files/Android/Android Studio/lib/externalProcess-rt.jar
Launcher Type: SUN_STANDARD

[Global flags]
     intx CICompilerCount                          = 4                                         {product} {ergonomic}
     uint ConcGCThreads                            = 3                                         {product} {ergonomic}
     uint G1ConcRefinementThreads                  = 10                                        {product} {ergonomic}
   size_t G1HeapRegionSize                         = 2097152                                   {product} {ergonomic}
    uintx GCDrainStackTargetSize                   = 64                                        {product} {ergonomic}
   size_t InitialHeapSize                          = 257949696                                 {product} {ergonomic}
   size_t MarkStackSize                            = 4194304                                   {product} {ergonomic}
   size_t MaxHeapSize                              = 4127195136                                {product} {ergonomic}
   size_t MaxNewSize                               = 2474639360                                {product} {ergonomic}
   size_t MinHeapDeltaBytes                        = 2097152                                   {product} {ergonomic}
   size_t MinHeapSize                              = 8388608                                   {product} {ergonomic}
    uintx NonNMethodCodeHeapSize                   = 5839372                                {pd product} {ergonomic}
    uintx NonProfiledCodeHeapSize                  = 122909434                              {pd product} {ergonomic}
    uintx ProfiledCodeHeapSize                     = 122909434                              {pd product} {ergonomic}
    uintx ReservedCodeCacheSize                    = 251658240                              {pd product} {ergonomic}
     bool SegmentedCodeCache                       = true                                      {product} {ergonomic}
   size_t SoftMaxHeapSize                          = 4127195136                             {manageable} {ergonomic}
     bool UseCompressedOops                        = true                           {product lp64_product} {ergonomic}
     bool UseG1GC                                  = true                                      {product} {ergonomic}
     bool UseLargePagesIndividualAllocation        = false                                  {pd product} {ergonomic}

Logging:
Log output configuration:
 #0: stdout all=warning uptime,level,tags foldmultilines=false
 #1: stderr all=off uptime,level,tags foldmultilines=false

Environment Variables:
JAVA_HOME=C:\Progra~1\Java\jdk1.8.0_291
PATH=C:/Program Files/Git/mingw64/libexec/git-core;C:/Program Files/Git/mingw64/libexec/git-core;C:\Program Files\Git\mingw64\bin;C:\Program Files\Git\usr\bin;C:\Users\etec\bin;C:\Program Files (x86)\NVIDIA Corporation\PhysX\Common;C:\Program Files (x86)\Common Files\Oracle\Java\javapath;C:\Windows\system32;C:\Windows;C:\Windows\System32\Wbem;C:\Windows\System32\WindowsPowerShell\v1.0\;C:\Windows\System32\OpenSSH\;%GRADLE_HOME%\bin;C:\Progra~1\Java\jdk1.8.0_291\bin;C:\ProgramData\UNIVALI\Portugol Studio;C:\Program Files (x86)\NTP\bin;C:\Program Files\Inkscape\bin;C:\Progra~1\MySQL\MySQL Server 5.7\bin;C:\xampp\php;C:\xampp\apache\bin;C:\Program Files\Zabbix Agent\;C:\Users\etec\AppData\Local\Android\Sdk\platforms;C:\Users\etec\AppData\Local\Android\Sdk\platform-tools;C:\Users\etec\AppData\Local\Android\Sdk\tools;%REPO_OS_OVERRIDE%;C:\Progra~1\Apache Software Foundation\Tomcat 9.0\bin;C:\Program Files\MongoDB\Server\6.0\bin;C:\Users\etec\AppData\Roaming\nvm;C:\Program Files\nodejs;C:\Program Files\nodejs\;C:\Program Files\Microsoft SQL Server\Client SDK\ODBC\170\Tools\Binn\;C:\Program Files (x86)\Microsoft SQL Server\150\Tools\Binn\;C:\Program Files\Microsoft SQL Server\150\Tools\Binn\;C:\Program Files\Microsoft SQL Server\150\DTS\Binn\;C:\Program Files (x86)\Windows Kits\8.1\Windows Performance Toolkit\;C:\Program Files\dotnet\;C:\Program Files\Cloudflare\Cloudflare WARP\;C:\Program Files\MySQL\MySQL Shell 8.0\bin\;C:\Users\etec\AppData\Local\Programs\Python\Python310\Scripts\;C:\Users\etec\AppData\Local\Programs\Python\Python310\;C:\Users\etec\AppData\Local\Microsoft\WindowsApps;C:\Users\etec\AppData\Local\Programs\Microsoft VS Code\bin;C:\Program Files (x86)\Java\jre1.8.0_291\bin\;C:\Users\etec\AppData\Roaming\nvm;C:\Program Files\nodejs;C:\Users\etec\AppData\Roaming\npm
USERNAME=etec
DISPLAY=:0.0
LC_ALL=en_US.UTF-8
TERM=xterm-256color
TMPDIR=C:\TMP
OS=Windows_NT
PROCESSOR_IDENTIFIER=AMD64 Family 23 Model 96 Stepping 1, AuthenticAMD
TMP=C:\TMP
TEMP=C:\TEMP




Periodic native trim disabled

JNI global refs:
JNI global refs: 20, weak refs: 0

JNI global refs memory usage: 835, weak refs: 833

Process memory usage:
Resident Set Size: 78772K (0% of 16118980K total physical memory with 449892K free physical memory)

OOME stack traces (most recent first):
Classloader memory used:
Loader bootstrap                                                                       : 14227K
Loader jdk.internal.loader.ClassLoaders$PlatformClassLoader                            : 1482K
Loader jdk.internal.loader.ClassLoaders$AppClassLoader                                 : 16408B

---------------  S Y S T E M  ---------------

OS:
 Windows 10 , 64 bit Build 19041 (10.0.19041.1806)
OS uptime: 0 days 0:47 hours
Hyper-V role detected

CPU: total 12 (initial active 12) (12 cores per cpu, 2 threads per core) family 23 model 96 stepping 1 microcode 0x0, cx8, cmov, fxsr, ht, mmx, 3dnowpref, sse, sse2, sse3, ssse3, sse4a, sse4.1, sse4.2, popcnt, lzcnt, tsc, tscinvbit, avx, avx2, aes, clmul, bmi1, bmi2, adx, sha, fma, vzeroupper, clflush, clflushopt, hv, rdtscp, rdpid, f16c
Processor Information for all 12 processors :
  Max Mhz: 3701, Current Mhz: 3701, Mhz Limit: 3701

Memory: 4k page, system-wide physical 15741M (439M free)
TotalPageFile size 19835M (AvailPageFile size 4M)
current process WorkingSet (physical memory assigned to process): 77M, peak: 77M
current process commit charge ("private bytes"): 355M, peak: 357M

vm_info: OpenJDK 64-Bit Server VM (21.0.3+-12282718-b509.11) for windows-amd64 JRE (21.0.3+-12282718-b509.11), built on 2024-08-27T17:34:15Z by "builder" with MS VC++ 16.10 / 16.11 (VS2019)

END.
